2026-03-11 00:43:04  [INFO    ]  Pipeline started at 2026-03-11 00:43:04
2026-03-11 00:43:04  [INFO    ]  Query: 'restauranta in Nairobi'  |  Max leads: 10
2026-03-11 00:43:04  [INFO    ]  Initialising database …
2026-03-11 00:43:04  [DEBUG   ]  Database initialised at /home/aj/leadgen_scraper/leads.db
2026-03-11 00:43:04  [INFO    ]  Starting Google Maps search: 'restauranta in Nairobi'
2026-03-11 00:43:06  [INFO    ]  Opening https://www.google.com/maps/search/restauranta+in+Nairobi
2026-03-11 00:43:14  [INFO    ]  Scrolling listings sidebar …
2026-03-11 00:43:16  [INFO    ]    Collected 7 listing URLs …
2026-03-11 00:43:17  [INFO    ]  Found 13 listing URLs to process.
2026-03-11 00:43:17  [INFO    ]  [1/13] Processing listing …
2026-03-11 00:43:23  [DEBUG   ]    ✓ CRAVE KENYA - KILIMANI
2026-03-11 00:43:27  [INFO    ]  [2/13] Processing listing …
2026-03-11 00:43:34  [DEBUG   ]    ✓ Mawimbi Seafood Restaurant
2026-03-11 00:43:38  [INFO    ]  [3/13] Processing listing …
2026-03-11 00:43:43  [DEBUG   ]    ✓ Sayari All Day Dining
2026-03-11 00:43:45  [INFO    ]  [4/13] Processing listing …
2026-03-11 00:43:52  [DEBUG   ]    ✓ About Thyme Restaurant
2026-03-11 00:43:56  [INFO    ]  [5/13] Processing listing …
2026-03-11 00:44:01  [DEBUG   ]    ✓ Nairobi Street Kitchen
2026-03-11 00:44:04  [INFO    ]  [6/13] Processing listing …
2026-03-11 00:44:09  [DEBUG   ]    ✓ Talisman
2026-03-11 00:44:13  [INFO    ]  [7/13] Processing listing …
2026-03-11 00:44:18  [DEBUG   ]    ✓ Mama Oliech Restaurant
2026-03-11 00:44:20  [INFO    ]  [8/13] Processing listing …
2026-03-11 00:44:24  [DEBUG   ]    ✓ Pili Restaurant GTC MALL
2026-03-11 00:44:27  [INFO    ]  [9/13] Processing listing …
2026-03-11 00:44:33  [DEBUG   ]    ✓ The Carnivore Restaurant
2026-03-11 00:44:38  [INFO    ]  [10/13] Processing listing …
2026-03-11 00:44:41  [DEBUG   ]    ✓ Slate - Kitchen & Bar
2026-03-11 00:44:45  [INFO    ]  Google Maps scraping complete. Collected 10 businesses.
2026-03-11 00:44:45  [INFO    ]  BusinessParserAgent: parsing 10 leads …
2026-03-11 00:44:45  [INFO    ]  BusinessParserAgent: 10 leads after parsing.
2026-03-11 00:44:45  [INFO    ]  WebsiteEnrichmentAgent: enriching 10 leads …
2026-03-11 00:44:45  [DEBUG   ]  WebsiteAgent: could not fetch http://www.cravekenya.com – HTTPConnectionPool(host='www.cravekenya.com', port=80): Max retries exceeded with url: / (Caused by NameResolutionError("HTTPConnection(host='www.cravekenya.com', port=80): Failed to resolve 'www.cravekenya.com' ([Errno -2] Name or service not known)"))
2026-03-11 00:44:45  [DEBUG   ]  WebsiteAgent: could not fetch http://www.cravekenya.com/contact – HTTPConnectionPool(host='www.cravekenya.com', port=80): Max retries exceeded with url: /contact (Caused by NameResolutionError("HTTPConnection(host='www.cravekenya.com', port=80): Failed to resolve 'www.cravekenya.com' ([Errno -2] Name or service not known)"))
2026-03-11 00:44:45  [DEBUG   ]  WebsiteAgent: could not fetch http://www.cravekenya.com/contact-us – HTTPConnectionPool(host='www.cravekenya.com', port=80): Max retries exceeded with url: /contact-us (Caused by NameResolutionError("HTTPConnection(host='www.cravekenya.com', port=80): Failed to resolve 'www.cravekenya.com' ([Errno -2] Name or service not known)"))
2026-03-11 00:44:45  [DEBUG   ]  WebsiteAgent: could not fetch http://www.cravekenya.com/about – HTTPConnectionPool(host='www.cravekenya.com', port=80): Max retries exceeded with url: /about (Caused by NameResolutionError("HTTPConnection(host='www.cravekenya.com', port=80): Failed to resolve 'www.cravekenya.com' ([Errno -2] Name or service not known)"))
2026-03-11 00:44:45  [DEBUG   ]  WebsiteAgent: could not fetch http://www.cravekenya.com/about-us – HTTPConnectionPool(host='www.cravekenya.com', port=80): Max retries exceeded with url: /about-us (Caused by NameResolutionError("HTTPConnection(host='www.cravekenya.com', port=80): Failed to resolve 'www.cravekenya.com' ([Errno -2] Name or service not known)"))
2026-03-11 00:44:56  [DEBUG   ]  WebsiteAgent: could not fetch http://www.mawimbirestaurant.com/about – 404 Client Error: Not Found for url: https://www.mawimbirestaurant.com/about
2026-03-11 00:44:57  [DEBUG   ]  WebsiteAgent: could not fetch http://www.mawimbirestaurant.com/about-us – 404 Client Error: Not Found for url: https://www.mawimbirestaurant.com/about-us
2026-03-11 00:45:05  [DEBUG   ]  WebsiteAgent: could not fetch https://www.prideinn.co.ke/contact – ('Connection aborted.', RemoteDisconnected('Remote end closed connection without response'))
2026-03-11 00:45:10  [DEBUG   ]  WebsiteAgent: could not fetch https://www.prideinn.co.ke/about – 404 Client Error: Not Found for url: https://www.prideinnhotels.com/about
2026-03-11 00:45:12  [DEBUG   ]  WebsiteAgent: could not fetch https://www.prideinn.co.ke/about-us – 404 Client Error: Not Found for url: https://www.prideinnhotels.com/about-us
2026-03-11 00:45:19  [DEBUG   ]  WebsiteAgent: could not fetch http://about-thyme.com/contact-us – 404 Client Error: Not Found for url: http://about-thyme.com/contact-us
2026-03-11 00:45:39  [DEBUG   ]  WebsiteAgent: could not fetch http://www.nairobistreetkitchen.com – HTTPConnectionPool(host='www.nairobistreetkitchen.com', port=80): Read timed out. (read timeout=15)
2026-03-11 00:45:54  [DEBUG   ]  WebsiteAgent: could not fetch http://www.nairobistreetkitchen.com/contact – HTTPConnectionPool(host='www.nairobistreetkitchen.com', port=80): Read timed out. (read timeout=15)
2026-03-11 00:46:10  [DEBUG   ]  WebsiteAgent: could not fetch http://www.nairobistreetkitchen.com/contact-us – HTTPConnectionPool(host='www.nairobistreetkitchen.com', port=80): Read timed out. (read timeout=15)
2026-03-11 00:46:25  [DEBUG   ]  WebsiteAgent: could not fetch http://www.nairobistreetkitchen.com/about – HTTPConnectionPool(host='www.nairobistreetkitchen.com', port=80): Read timed out. (read timeout=15)
2026-03-11 00:46:40  [DEBUG   ]  WebsiteAgent: could not fetch http://www.nairobistreetkitchen.com/about-us – HTTPConnectionPool(host='www.nairobistreetkitchen.com', port=80): Read timed out. (read timeout=15)
2026-03-11 00:46:51  [DEBUG   ]  WebsiteAgent: could not fetch http://www.thetalismanrestaurant.com/contact – 404 Client Error: Not Found for url: http://www.thetalismanrestaurant.com/contact
2026-03-11 00:46:52  [DEBUG   ]  WebsiteAgent: could not fetch http://www.thetalismanrestaurant.com/contact-us – 404 Client Error: Not Found for url: http://www.thetalismanrestaurant.com/contact-us
2026-03-11 00:46:53  [DEBUG   ]  WebsiteAgent: could not fetch http://www.thetalismanrestaurant.com/about – 404 Client Error: Not Found for url: http://www.thetalismanrestaurant.com/about
2026-03-11 00:46:54  [DEBUG   ]  WebsiteAgent: could not fetch http://www.thetalismanrestaurant.com/about-us – 500 Server Error: Internal Server Error for url: http://www.thetalismanrestaurant.com/about-us
2026-03-11 00:46:59  [DEBUG   ]  WebsiteAgent: could not fetch http://www.pilirestaurant.co.ke/contact – 404 Client Error: Not Found for url: http://www.pilirestaurant.co.ke/contact
2026-03-11 00:46:59  [DEBUG   ]  WebsiteAgent: could not fetch http://www.pilirestaurant.co.ke/contact-us – 404 Client Error: Not Found for url: http://www.pilirestaurant.co.ke/contact-us
2026-03-11 00:47:00  [DEBUG   ]  WebsiteAgent: could not fetch http://www.pilirestaurant.co.ke/about – 404 Client Error: Not Found for url: http://www.pilirestaurant.co.ke/about
2026-03-11 00:47:03  [DEBUG   ]  WebsiteAgent: could not fetch http://tamarind.co.ke – 404 Client Error: Not Found for url: http://tamarind.co.ke/
2026-03-11 00:47:03  [DEBUG   ]  WebsiteAgent: could not fetch http://tamarind.co.ke/contact – 404 Client Error: Not Found for url: http://tamarind.co.ke/contact
2026-03-11 00:47:03  [DEBUG   ]  WebsiteAgent: could not fetch http://tamarind.co.ke/contact-us – 404 Client Error: Not Found for url: http://tamarind.co.ke/contact-us
2026-03-11 00:47:04  [DEBUG   ]  WebsiteAgent: could not fetch http://tamarind.co.ke/about – 404 Client Error: Not Found for url: http://tamarind.co.ke/about
2026-03-11 00:47:04  [DEBUG   ]  WebsiteAgent: could not fetch http://tamarind.co.ke/about-us – 404 Client Error: Not Found for url: http://tamarind.co.ke/about-us
2026-03-11 00:47:09  [DEBUG   ]  WebsiteAgent: could not fetch https://www.thefoodlibrary.co.ke/contact – 404 Client Error: Not Found for url: https://www.thefoodlibrary.co.ke/contact
2026-03-11 00:47:11  [DEBUG   ]  WebsiteAgent: could not fetch https://www.thefoodlibrary.co.ke/contact-us – 404 Client Error: Not Found for url: https://www.thefoodlibrary.co.ke/contact-us
2026-03-11 00:47:12  [DEBUG   ]  WebsiteAgent: could not fetch https://www.thefoodlibrary.co.ke/about – 404 Client Error: Not Found for url: https://www.thefoodlibrary.co.ke/about
2026-03-11 00:47:14  [DEBUG   ]  WebsiteAgent: could not fetch https://www.thefoodlibrary.co.ke/about-us – 404 Client Error: Not Found for url: https://www.thefoodlibrary.co.ke/about-us
2026-03-11 00:47:15  [INFO    ]  WebsiteEnrichmentAgent: fetched content for 6 websites.
2026-03-11 00:47:15  [INFO    ]  EmailExtractionAgent: extracting emails from 10 leads …
2026-03-11 00:47:15  [INFO    ]  EmailExtractionAgent: extracted emails for 5 leads.
2026-03-11 00:47:15  [INFO    ]  DataCleaningAgent: cleaning 10 leads …
2026-03-11 00:47:15  [INFO    ]  DataCleaningAgent: 10 → 10 leads (removed 0 duplicates/invalids).
2026-03-11 00:47:15  [INFO    ]  Saving leads to database …
2026-03-11 00:47:15  [INFO    ]  Exporting CSV …
2026-03-11 00:47:15  [INFO    ]  Exported 10 leads → /home/aj/leadgen_scraper/leads.csv
2026-03-11 00:47:15  [INFO    ]  Exporting JSON …
2026-03-11 00:47:15  [INFO    ]  Exported 10 leads → /home/aj/leadgen_scraper/leads.json
2026-03-11 00:47:15  [INFO    ]  Pipeline finished. 10 leads stored.
